// Vitest Snapshot v1, https://vitest.dev/guide/snapshot.html

exports[`CardGridSkeleton > snapshot 锁定结构 1`] = `
<DocumentFragment>
  <div
    class="grid grid-cols-1 sm:grid-cols-2 md:grid-cols-3 lg:grid-cols-4 xl:grid-cols-5 gap-4"
    data-testid="card-grid-skeleton"
  >
    <div
      class="rounded-2xl bg-surface p-2 animate-pulse"
    >
      <div
        class="w-full rounded-xl bg-overlay-2"
        style="aspect-ratio: 4 / 3;"
      />
      <div
        class="mt-2 h-4 w-2/3 rounded bg-overlay-2"
      />
      <div
        class="mt-1.5 h-3 w-1/3 rounded bg-overlay-2"
      />
    </div>
    <div
      class="rounded-2xl bg-surface p-2 animate-pulse"
    >
      <div
        class="w-full rounded-xl bg-overlay-2"
        style="aspect-ratio: 4 / 3;"
      />
      <div
        class="mt-2 h-4 w-2/3 rounded bg-overlay-2"
      />
      <div
        class="mt-1.5 h-3 w-1/3 rounded bg-overlay-2"
      />
    </div>
    <div
      class="rounded-2xl bg-surface p-2 animate-pulse"
    >
      <div
        class="w-full rounded-xl bg-overlay-2"
        style="aspect-ratio: 4 / 3;"
      />
      <div
        class="mt-2 h-4 w-2/3 rounded bg-overlay-2"
      />
      <div
        class="mt-1.5 h-3 w-1/3 rounded bg-overlay-2"
      />
    </div>
    <div
      class="rounded-2xl bg-surface p-2 animate-pulse"
    >
      <div
        class="w-full rounded-xl bg-overlay-2"
        style="aspect-ratio: 4 / 3;"
      />
      <div
        class="mt-2 h-4 w-2/3 rounded bg-overlay-2"
      />
      <div
        class="mt-1.5 h-3 w-1/3 rounded bg-overlay-2"
      />
    </div>
    <div
      class="rounded-2xl bg-surface p-2 animate-pulse"
    >
      <div
        class="w-full rounded-xl bg-overlay-2"
        style="aspect-ratio: 4 / 3;"
      />
      <div
        class="mt-2 h-4 w-2/3 rounded bg-overlay-2"
      />
      <div
        class="mt-1.5 h-3 w-1/3 rounded bg-overlay-2"
      />
    </div>
    <div
      class="rounded-2xl bg-surface p-2 animate-pulse"
    >
      <div
        class="w-full rounded-xl bg-overlay-2"
        style="aspect-ratio: 4 / 3;"
      />
      <div
        class="mt-2 h-4 w-2/3 rounded bg-overlay-2"
      />
      <div
        class="mt-1.5 h-3 w-1/3 rounded bg-overlay-2"
      />
    </div>
    <div
      class="rounded-2xl bg-surface p-2 animate-pulse"
    >
      <div
        class="w-full rounded-xl bg-overlay-2"
        style="aspect-ratio: 4 / 3;"
      />
      <div
        class="mt-2 h-4 w-2/3 rounded bg-overlay-2"
      />
      <div
        class="mt-1.5 h-3 w-1/3 rounded bg-overlay-2"
      />
    </div>
    <div
      class="rounded-2xl bg-surface p-2 animate-pulse"
    >
      <div
        class="w-full rounded-xl bg-overlay-2"
        style="aspect-ratio: 4 / 3;"
      />
      <div
        class="mt-2 h-4 w-2/3 rounded bg-overlay-2"
      />
      <div
        class="mt-1.5 h-3 w-1/3 rounded bg-overlay-2"
      />
    </div>
    <div
      class="rounded-2xl bg-surface p-2 animate-pulse"
    >
      <div
        class="w-full rounded-xl bg-overlay-2"
        style="aspect-ratio: 4 / 3;"
      />
      <div
        class="mt-2 h-4 w-2/3 rounded bg-overlay-2"
      />
      <div
        class="mt-1.5 h-3 w-1/3 rounded bg-overlay-2"
      />
    </div>
    <div
      class="rounded-2xl bg-surface p-2 animate-pulse"
    >
      <div
        class="w-full rounded-xl bg-overlay-2"
        style="aspect-ratio: 4 / 3;"
      />
      <div
        class="mt-2 h-4 w-2/3 rounded bg-overlay-2"
      />
      <div
        class="mt-1.5 h-3 w-1/3 rounded bg-overlay-2"
      />
    </div>
  </div>
</DocumentFragment>
`;
